main.c:201:5:main	24	static
main.c:308:6:SystemClock_Config	88	static
main.c:352:13:MX_ADC1_Init	24	static
main.c:397:13:MX_I2C2_Init	8	static
main.c:431:13:MX_TIM1_Init	32	static
main.c:477:13:MX_TIM4_Init	32	static
main.c:522:13:MX_USART1_UART_Init	8	static
main.c:555:13:MX_GPIO_Init	40	static
main.c:606:6:Reset_Cycles	4	static
main.c:612:6:BMP280_Init	8	static
main.c:628:6:ADC_Init	8	static
main.c:634:7:DS18B20_Read_Temp	24	static
main.c:663:7:BMP280_Read_Temp	24	static
main.c:677:7:ADC_Read_Temp	32	static
main.c:697:6:EEPROM_Read	32	static
main.c:703:6:EEPROM_Write	32	static
main.c:710:6:EEPROM_Erase	96	static
main.c:723:6:Temp_Save_Single	16	static
main.c:728:6:Temp_Save	24	static
main.c:736:10:Temp_Read_Single	24	static
main.c:743:9:Temp_Read	24	static
main.c:750:10:Temp_Next_Free_Place	24	static
main.c:764:6:Temp_Send_UART	64	static
main.c:800:10:Temp_Enc	24	static
main.c:807:7:Temp_Dec	24	static
main.c:812:6:Print_Info	16	static
main.c:819:6:Print_Time	72	static
main.c:828:6:Print_Simple	156	static
main.c:855:6:Print_Temps	56	static
main.c:860:6:Print_Booting_Info	8	static
main.c:869:6:Clear_Booting_Info	8	static
main.c:878:6:Set_Pin_Output	32	static
main.c:887:6:Set_Pin_Input	32	static
main.c:896:6:Delay_Us	16	static
main.c:903:9:DS18B20_Start	16	static
main.c:924:6:DS18B20_Write	24	static
main.c:951:9:DS18B20_Read	16	static
main.c:985:7:Clamp	24	static
main.c:991:6:HAL_IncTick	4	static
main.c:998:6:HAL_GPIO_EXTI_Callback	24	static
main.c:1010:6:HAL_TIM_PeriodElapsedCallback	24	static
main.c:1035:6:Btn_Init	16	static
main.c:1045:9:Btn_Index	24	static
main.c:1054:9:Btn_Read	24	static
main.c:1061:9:Btn_Hold	24	static
main.c:1069:9:Btn_Falling	24	static
main.c:1081:9:Btn_Rising	24	static
main.c:1092:6:Button_Actions	40	static
main.c:1157:9:Temp_Max_All_Time	40	static
main.c:1174:9:Temp_Max_Last_Day	40	static
main.c:1193:9:Temp_Min_All_Time	40	static
main.c:1211:9:Temp_Min_Last_Day	40	static
main.c:1236:6:Error_Handler	4	static
